
> @systemkollektiv/components@0.0.245 test
> t -e src/app.d.ts src/routes -p

### [32mTesting package:[39m @systemkollektiv/components@0.0.245

convert from image/png to image/jpeg
Ran 787 tests in 4.6s. Passed 787/787 [32m100[39m%

